<audio onabort="alert('Abort');" onabort="alert('Abort');" oncanplay="alert();" oncanplay="alert();" oncanplaythrough="alert();" oncanplaythrough="alert();" ondurationchange="alert();" ondurationchange="alert();" onemptied="alert();" onemptied="alert();" onended="alert();" onended="alert();" onerror="alert();" onerror="alert();" onloadeddata="alert();" onloadeddata="alert();" onloadedmetadata="alert();" onloadedmetadata="alert();" onloadstart="alert();" onloadstart="alert();" onpause="alert();" onpause="alert();" onplay="alert();" onplay="alert();" onplaying="alert();" onplaying="alert();" onseeked="alert();" onseeked="alert();" onseeking="alert();" onseeking="alert();" onstalled="alert();" onstalled="alert();" onprogress="alert();" onprogress="alert();" onratechange="alert();" onratechange="alert();" onsuspend="alert();" onsuspend="alert();" ontimeupdate="alert();" ontimeupdate="alert();" onvolumechange="alert();" onvolumechange="alert();" onwaiting="alert();" onwaiting="alert();"><track src="track" oncuechange="alert();" oncuechange="alert();"></audio><details ontoggle="alert();" ontoggle="alert();"/><div onblur="alert();" onblur="alert();" onclick="alert();" onclick="alert();" oncontextmenu="alert();" oncontextmenu="alert();" oncopy="alert();" oncopy="alert();" oncut="alert();" oncut="alert();" ondblclick="alert();" ondblclick="alert();" ondrag="alert();" ondrag="alert();" ondragend="alert();" ondragend="alert();" ondragenter="alert();" ondragenter="alert();" ondragover="alert();" ondragover="alert();" ondragstart="alert();" ondragstart="alert();" ondrop="alert();" ondrop="alert();" onfocus="alert();" onfocus="alert();" onkeyup="alert();" onkeydown="alert();" onkeypress="alert();" onkeypress="alert();" onkeyup="alert();" onkeyup="alert();" onmousedown="alert();" onmousedown="alert();" onmousemove="alert();" onmousemove="alert();" onmouseout="alert();" onmouseout="alert();" onmouseover="alert();" onmouseover="alert();" onmouseup="alert();" onmouseup="alert();" onpaste="alert();" onpaste="alert();" onscroll="alert();" onscroll="alert();" onwheel="alert();" onwheel="alert();"/><form onreset="alert();" onreset="alert();" onsubmit="alert();" onsubmit="alert();"/><html><body onafterprint="alert();" onafterprint="alert();" onbeforeprint="alert();" onbeforeprint="alert();" onbeforeunload="alert();" onbeforeunload="alert();" onhashchange="alert();" onhashchange="alert();" onload="alert();" onload="alert();" onmessage="alert();" onmessage="alert();" onoffline="alert();" onoffline="alert();" ononline="alert();" ononline="alert();" onpagehide="alert();" onpagehide="alert();" onpageshow="alert();" onpageshow="alert();" onpopstate="alert();" onpopstate="alert();" onresize="alert();" onresize="alert();" onstorage="alert();" onstorage="alert();" onunload="alert();" onunload="alert();"/></html><input onchange="alert();" onchange="alert();" oninput="alert();" oninput="alert();" oninvalid="alert();" oninvalid="alert();" onsearch="alert();" onsearch="alert();" onselect="alert();" onselect="alert();">